
  .   ____          _            __ _ _
 /\\ / ___'_ __ _ _(_)_ __  __ _ \ \ \ \
( ( )\___ | '_ | '_| | '_ \/ _` | \ \ \ \
 \\/  ___)| |_)| | | | | || (_| |  ) ) ) )
  '  |____| .__|_| |_|_| |_\__, | / / / /
 =========|_|==============|___/=/_/_/_/

 :: Spring Boot ::                (v3.3.4)

2026-05-04T19:34:46.740-05:00  INFO 22204 --- [tropelcare] [           main] c.t.tropelcare.TropelcareApplication     : Starting TropelcareApplication using Java 21.0.10 with PID 22204 (C:\Users\Adrian\Desktop\hackaton-1-ctrl-c-and-ctrl-v-main\target\classes started by Adrian in C:\Users\Adrian\Desktop\hackaton-1-ctrl-c-and-ctrl-v-main)
2026-05-04T19:34:46.744-05:00  INFO 22204 --- [tropelcare] [           main] c.t.tropelcare.TropelcareApplication     : No active profile set, falling back to 1 default profile: "default"
2026-05-04T19:34:47.210-05:00  INFO 22204 --- [tropelcare] [           main] .s.d.r.c.RepositoryConfigurationDelegate : Bootstrapping Spring Data JPA repositories in DEFAULT mode.
2026-05-04T19:34:47.323-05:00  INFO 22204 --- [tropelcare] [           main] .s.d.r.c.RepositoryConfigurationDelegate : Finished Spring Data repository scanning in 56 ms. Found 6 JPA repository interfaces.
2026-05-04T19:34:47.701-05:00  INFO 22204 --- [tropelcare] [           main] o.s.b.w.embedded.tomcat.TomcatWebServer  : Tomcat initialized with port 8080 (http)
2026-05-04T19:34:47.737-05:00  INFO 22204 --- [tropelcare] [           main] o.apache.catalina.core.StandardService   : Starting service [Tomcat]
2026-05-04T19:34:47.744-05:00  INFO 22204 --- [tropelcare] [           main] o.apache.catalina.core.StandardEngine    : Starting Servlet engine: [Apache Tomcat/10.1.30]
2026-05-04T19:34:47.787-05:00  INFO 22204 --- [tropelcare] [           main] o.a.c.c.C.[Tomcat].[localhost].[/]       : Initializing Spring embedded WebApplicationContext
2026-05-04T19:34:47.789-05:00  INFO 22204 --- [tropelcare] [           main] w.s.c.ServletWebServerApplicationContext : Root WebApplicationContext: initialization completed in 1011 ms
2026-05-04T19:34:47.892-05:00  INFO 22204 --- [tropelcare] [           main] o.hibernate.jpa.internal.util.LogHelper  : HHH000204: Processing PersistenceUnitInfo [name: default]
2026-05-04T19:34:47.927-05:00  INFO 22204 --- [tropelcare] [           main] org.hibernate.Version                    : HHH000412: Hibernate ORM core version 6.5.3.Final
2026-05-04T19:34:47.950-05:00  INFO 22204 --- [tropelcare] [           main] o.h.c.internal.RegionFactoryInitiator    : HHH000026: Second-level cache disabled
2026-05-04T19:34:48.151-05:00  INFO 22204 --- [tropelcare] [           main] o.s.o.j.p.SpringPersistenceUnitInfo      : No LoadTimeWeaver setup: ignoring JPA class transformer
2026-05-04T19:34:48.202-05:00  INFO 22204 --- [tropelcare] [           main] com.zaxxer.hikari.HikariDataSource       : HikariPool-1 - Starting...
2026-05-04T19:34:48.325-05:00  INFO 22204 --- [tropelcare] [           main] com.zaxxer.hikari.pool.HikariPool        : HikariPool-1 - Added connection org.postgresql.jdbc.PgConnection@6987a133
2026-05-04T19:34:48.328-05:00  INFO 22204 --- [tropelcare] [           main] com.zaxxer.hikari.HikariDataSource       : HikariPool-1 - Start completed.
2026-05-04T19:34:48.347-05:00  WARN 22204 --- [tropelcare] [           main] org.hibernate.orm.deprecation            : HHH90000025: PostgreSQLDialect does not need to be specified explicitly using 'hibernate.dialect' (remove the property setting and it will be selected by default)
2026-05-04T19:34:49.025-05:00  INFO 22204 --- [tropelcare] [           main] o.h.e.t.j.p.i.JtaPlatformInitiator       : HHH000489: No JTA platform available (set 'hibernate.transaction.jta.platform' to enable JTA platform integration)
2026-05-04T19:34:49.185-05:00  INFO 22204 --- [tropelcare] [           main] j.LocalContainerEntityManagerFactoryBean : Initialized JPA EntityManagerFactory for persistence unit 'default'
2026-05-04T19:34:49.881-05:00  INFO 22204 --- [tropelcare] [           main] o.s.b.w.embedded.tomcat.TomcatWebServer  : Tomcat started on port 8080 (http) with context path '/'
2026-05-04T19:34:49.889-05:00  INFO 22204 --- [tropelcare] [           main] c.t.tropelcare.TropelcareApplication     : Started TropelcareApplication in 3.415 seconds (process running for 3.67)
2026-05-04T19:35:14.218-05:00  INFO 22204 --- [tropelcare] [nio-8080-exec-1] o.a.c.c.C.[Tomcat].[localhost].[/]       : Initializing Spring DispatcherServlet 'dispatcherServlet'
2026-05-04T19:35:14.218-05:00  INFO 22204 --- [tropelcare] [nio-8080-exec-1] o.s.web.servlet.DispatcherServlet        : Initializing Servlet 'dispatcherServlet'
2026-05-04T19:35:14.219-05:00  INFO 22204 --- [tropelcare] [nio-8080-exec-1] o.s.web.servlet.DispatcherServlet        : Completed initialization in 0 ms
